// Jest Snapshot v1, https://goo.gl/fbAQLP

exports[`it renders an icon and embeds the control inside it 1`] = `
<div>
  <label
    class="MuiFormControlLabel-root"
    data-id="formControlLabel"
    id="helperText"
  >
    <div
      id="childControl"
    />
    <span
      class="MuiTypography-root MuiFormControlLabel-label MuiTypography-body1"
    >
      This is a simple label
    </span>
  </label>
</div>
`;
