// Jest Snapshot v1, https://goo.gl/fbAQLP

exports[`Keyboard model tests should getPolygons 1`] = `
Array [
  Object {
    "key": Object {
      "contrast": "#39383D",
      "fill": "#F2F2EF",
      "index": 0,
      "lowerHeight": 45,
      "lowerWidth": 23.6,
      "notes": Array [
        "C3",
        "B#3",
      ],
      "offsetX": 1,
      "pitches": Array [
        "C",
        "B#",
      ],
      "scaleX": 1,
      "scaleY": 1,
      "sharp": false,
      "stroke": "#39383D",
      "strokeWidth": 1,
      "upperHeight": 100,
      "upperOffset": 0,
      "upperWidth": 15.05,
    },
    "polygon": Object {
      "points": "1,2 1,102 1,102 1,147 24.6,147 24.6,102 16.05,102 16.05,2",
      "style": Object {
        "fill": "#F2F2EF",
        "stroke": "#39383D",
        "strokeWidth": 1,
      },
    },
  },
  Object {
    "key": Object {
      "contrast": "#F2F2EF",
      "fill": "#39383D",
      "index": 1,
      "lowerHeight": 0,
      "lowerWidth": 12.7,
      "notes": Array [
        "Db3",
        "C#3",
      ],
      "offsetX": 16.05,
      "pitches": Array [
        "Db",
        "C#",
      ],
      "scaleX": 1,
      "scaleY": 1,
      "sharp": true,
      "stroke": "#39383D",
      "strokeWidth": 1,
      "upperHeight": 100,
      "upperOffset": 0,
      "upperWidth": 12.7,
    },
    "polygon": Object {
      "points": "16.05,2 16.05,102 16.05,102 16.05,102 28.75,102 28.75,102 28.75,102 28.75,2",
      "style": Object {
        "fill": "#39383D",
        "stroke": "#39383D",
        "strokeWidth": 1,
      },
    },
  },
  Object {
    "key": Object {
      "contrast": "#39383D",
      "fill": "#F2F2EF",
      "index": 2,
      "lowerHeight": 45,
      "lowerWidth": 23.6,
      "notes": Array [
        "D3",
      ],
      "offsetX": 24.6,
      "pitches": Array [
        "D",
      ],
      "scaleX": 1,
      "scaleY": 1,
      "sharp": false,
      "stroke": "#39383D",
      "strokeWidth": 1,
      "upperHeight": 100,
      "upperOffset": 4.15,
      "upperWidth": 15.3,
    },
    "polygon": Object {
      "points": "28.75,2 28.75,102 24.6,102 24.6,147 48.2,147 48.2,102 44.050000000000004,102 44.050000000000004,2",
      "style": Object {
        "fill": "#F2F2EF",
        "stroke": "#39383D",
        "strokeWidth": 1,
      },
    },
  },
  Object {
    "key": Object {
      "contrast": "#F2F2EF",
      "fill": "#39383D",
      "index": 3,
      "lowerHeight": 0,
      "lowerWidth": 12.7,
      "notes": Array [
        "Eb3",
        "D#3",
      ],
      "offsetX": 44.05,
      "pitches": Array [
        "Eb",
        "D#",
      ],
      "scaleX": 1,
      "scaleY": 1,
      "sharp": true,
      "stroke": "#39383D",
      "strokeWidth": 1,
      "upperHeight": 100,
      "upperOffset": 0,
      "upperWidth": 12.7,
    },
    "polygon": Object {
      "points": "44.05,2 44.05,102 44.05,102 44.05,102 56.75,102 56.75,102 56.75,102 56.75,2",
      "style": Object {
        "fill": "#39383D",
        "stroke": "#39383D",
        "strokeWidth": 1,
      },
    },
  },
  Object {
    "key": Object {
      "contrast": "#39383D",
      "fill": "#F2F2EF",
      "index": 4,
      "lowerHeight": 45,
      "lowerWidth": 23.6,
      "notes": Array [
        "E3",
      ],
      "offsetX": 48.2,
      "pitches": Array [
        "E",
      ],
      "scaleX": 1,
      "scaleY": 1,
      "sharp": false,
      "stroke": "#39383D",
      "strokeWidth": 1,
      "upperHeight": 100,
      "upperOffset": 8.55,
      "upperWidth": 15.05,
    },
    "polygon": Object {
      "points": "56.75,2 56.75,102 48.2,102 48.2,147 71.80000000000001,147 71.80000000000001,102 71.80000000000001,102 71.80000000000001,2",
      "style": Object {
        "fill": "#F2F2EF",
        "stroke": "#39383D",
        "strokeWidth": 1,
      },
    },
  },
  Object {
    "key": Object {
      "contrast": "#39383D",
      "fill": "#F2F2EF",
      "index": 5,
      "lowerHeight": 45,
      "lowerWidth": 23.6,
      "notes": Array [
        "F3",
        "E#3",
      ],
      "offsetX": 71.80000000000001,
      "pitches": Array [
        "F",
        "E#",
      ],
      "scaleX": 1,
      "scaleY": 1,
      "sharp": false,
      "stroke": "#39383D",
      "strokeWidth": 1,
      "upperHeight": 100,
      "upperOffset": 0,
      "upperWidth": 13.95,
    },
    "polygon": Object {
      "points": "71.80000000000001,2 71.80000000000001,102 71.80000000000001,102 71.80000000000001,147 95.4,147 95.4,102 85.75000000000001,102 85.75000000000001,2",
      "style": Object {
        "fill": "#F2F2EF",
        "stroke": "#39383D",
        "strokeWidth": 1,
      },
    },
  },
  Object {
    "key": Object {
      "contrast": "#F2F2EF",
      "fill": "#39383D",
      "index": 6,
      "lowerHeight": 0,
      "lowerWidth": 12.7,
      "notes": Array [
        "Gb3",
        "F#3",
      ],
      "offsetX": 85.75,
      "pitches": Array [
        "Gb",
        "F#",
      ],
      "scaleX": 1,
      "scaleY": 1,
      "sharp": true,
      "stroke": "#39383D",
      "strokeWidth": 1,
      "upperHeight": 100,
      "upperOffset": 0,
      "upperWidth": 12.7,
    },
    "polygon": Object {
      "points": "85.75,2 85.75,102 85.75,102 85.75,102 98.45,102 98.45,102 98.45,102 98.45,2",
      "style": Object {
        "fill": "#39383D",
        "stroke": "#39383D",
        "strokeWidth": 1,
      },
    },
  },
  Object {
    "key": Object {
      "contrast": "#39383D",
      "fill": "#F2F2EF",
      "index": 7,
      "lowerHeight": 45,
      "lowerWidth": 23.6,
      "notes": Array [
        "G3",
      ],
      "offsetX": 95.4,
      "pitches": Array [
        "G",
      ],
      "scaleX": 1,
      "scaleY": 1,
      "sharp": false,
      "stroke": "#39383D",
      "strokeWidth": 1,
      "upperHeight": 100,
      "upperOffset": 3.05,
      "upperWidth": 14.2,
    },
    "polygon": Object {
      "points": "98.45,2 98.45,102 95.4,102 95.4,147 119,147 119,102 112.65,102 112.65,2",
      "style": Object {
        "fill": "#F2F2EF",
        "stroke": "#39383D",
        "strokeWidth": 1,
      },
    },
  },
  Object {
    "key": Object {
      "contrast": "#F2F2EF",
      "fill": "#39383D",
      "index": 8,
      "lowerHeight": 0,
      "lowerWidth": 12.7,
      "notes": Array [
        "Ab3",
        "G#3",
      ],
      "offsetX": 112.65,
      "pitches": Array [
        "Ab",
        "G#",
      ],
      "scaleX": 1,
      "scaleY": 1,
      "sharp": true,
      "stroke": "#39383D",
      "strokeWidth": 1,
      "upperHeight": 100,
      "upperOffset": 0,
      "upperWidth": 12.7,
    },
    "polygon": Object {
      "points": "112.65,2 112.65,102 112.65,102 112.65,102 125.35000000000001,102 125.35000000000001,102 125.35000000000001,102 125.35000000000001,2",
      "style": Object {
        "fill": "#39383D",
        "stroke": "#39383D",
        "strokeWidth": 1,
      },
    },
  },
  Object {
    "key": Object {
      "contrast": "#39383D",
      "fill": "#F2F2EF",
      "index": 9,
      "lowerHeight": 45,
      "lowerWidth": 23.6,
      "notes": Array [
        "A3",
      ],
      "offsetX": 119,
      "pitches": Array [
        "A",
      ],
      "scaleX": 1,
      "scaleY": 1,
      "sharp": false,
      "stroke": "#39383D",
      "strokeWidth": 1,
      "upperHeight": 100,
      "upperOffset": 6.35,
      "upperWidth": 14.2,
    },
    "polygon": Object {
      "points": "125.35,2 125.35,102 119,102 119,147 142.6,147 142.6,102 139.55,102 139.55,2",
      "style": Object {
        "fill": "#F2F2EF",
        "stroke": "#39383D",
        "strokeWidth": 1,
      },
    },
  },
  Object {
    "key": Object {
      "contrast": "#F2F2EF",
      "fill": "#39383D",
      "index": 10,
      "lowerHeight": 0,
      "lowerWidth": 12.7,
      "notes": Array [
        "Bb3",
        "A#3",
      ],
      "offsetX": 139.55,
      "pitches": Array [
        "Bb",
        "A#",
      ],
      "scaleX": 1,
      "scaleY": 1,
      "sharp": true,
      "stroke": "#39383D",
      "strokeWidth": 1,
      "upperHeight": 100,
      "upperOffset": 0,
      "upperWidth": 12.7,
    },
    "polygon": Object {
      "points": "139.55,2 139.55,102 139.55,102 139.55,102 152.25,102 152.25,102 152.25,102 152.25,2",
      "style": Object {
        "fill": "#39383D",
        "stroke": "#39383D",
        "strokeWidth": 1,
      },
    },
  },
  Object {
    "key": Object {
      "contrast": "#39383D",
      "fill": "#F2F2EF",
      "index": 11,
      "lowerHeight": 45,
      "lowerWidth": 23.6,
      "notes": Array [
        "B3",
        "Cb3",
      ],
      "offsetX": 142.60000000000002,
      "pitches": Array [
        "B",
        "Cb",
      ],
      "scaleX": 1,
      "scaleY": 1,
      "sharp": false,
      "stroke": "#39383D",
      "strokeWidth": 1,
      "upperHeight": 100,
      "upperOffset": 9.65,
      "upperWidth": 13.95,
    },
    "polygon": Object {
      "points": "152.25000000000003,2 152.25000000000003,102 142.60000000000002,102 142.60000000000002,147 166.20000000000002,147 166.20000000000002,102 166.20000000000002,102 166.20000000000002,2",
      "style": Object {
        "fill": "#F2F2EF",
        "stroke": "#39383D",
        "strokeWidth": 1,
      },
    },
  },
  Object {
    "key": Object {
      "contrast": "#39383D",
      "fill": "#F2F2EF",
      "index": 12,
      "lowerHeight": 45,
      "lowerWidth": 23.6,
      "notes": Array [
        "C4",
        "B#4",
      ],
      "offsetX": 166.20000000000002,
      "pitches": Array [
        "C",
        "B#",
      ],
      "scaleX": 1,
      "scaleY": 1,
      "sharp": false,
      "stroke": "#39383D",
      "strokeWidth": 1,
      "upperHeight": 100,
      "upperOffset": 0,
      "upperWidth": 15.05,
    },
    "polygon": Object {
      "points": "166.20000000000002,2 166.20000000000002,102 166.20000000000002,102 166.20000000000002,147 189.8,147 189.8,102 181.25000000000003,102 181.25000000000003,2",
      "style": Object {
        "fill": "#F2F2EF",
        "stroke": "#39383D",
        "strokeWidth": 1,
      },
    },
  },
  Object {
    "key": Object {
      "contrast": "#F2F2EF",
      "fill": "#39383D",
      "index": 13,
      "lowerHeight": 0,
      "lowerWidth": 12.7,
      "notes": Array [
        "Db4",
        "C#4",
      ],
      "offsetX": 181.25,
      "pitches": Array [
        "Db",
        "C#",
      ],
      "scaleX": 1,
      "scaleY": 1,
      "sharp": true,
      "stroke": "#39383D",
      "strokeWidth": 1,
      "upperHeight": 100,
      "upperOffset": 0,
      "upperWidth": 12.7,
    },
    "polygon": Object {
      "points": "181.25,2 181.25,102 181.25,102 181.25,102 193.95,102 193.95,102 193.95,102 193.95,2",
      "style": Object {
        "fill": "#39383D",
        "stroke": "#39383D",
        "strokeWidth": 1,
      },
    },
  },
  Object {
    "key": Object {
      "contrast": "#39383D",
      "fill": "#F2F2EF",
      "index": 14,
      "lowerHeight": 45,
      "lowerWidth": 23.6,
      "notes": Array [
        "D4",
      ],
      "offsetX": 189.8,
      "pitches": Array [
        "D",
      ],
      "scaleX": 1,
      "scaleY": 1,
      "sharp": false,
      "stroke": "#39383D",
      "strokeWidth": 1,
      "upperHeight": 100,
      "upperOffset": 4.15,
      "upperWidth": 15.3,
    },
    "polygon": Object {
      "points": "193.95000000000002,2 193.95000000000002,102 189.8,102 189.8,147 213.4,147 213.4,102 209.25,102 209.25,2",
      "style": Object {
        "fill": "#F2F2EF",
        "stroke": "#39383D",
        "strokeWidth": 1,
      },
    },
  },
  Object {
    "key": Object {
      "contrast": "#F2F2EF",
      "fill": "#39383D",
      "index": 15,
      "lowerHeight": 0,
      "lowerWidth": 12.7,
      "notes": Array [
        "Eb4",
        "D#4",
      ],
      "offsetX": 209.25,
      "pitches": Array [
        "Eb",
        "D#",
      ],
      "scaleX": 1,
      "scaleY": 1,
      "sharp": true,
      "stroke": "#39383D",
      "strokeWidth": 1,
      "upperHeight": 100,
      "upperOffset": 0,
      "upperWidth": 12.7,
    },
    "polygon": Object {
      "points": "209.25,2 209.25,102 209.25,102 209.25,102 221.95,102 221.95,102 221.95,102 221.95,2",
      "style": Object {
        "fill": "#39383D",
        "stroke": "#39383D",
        "strokeWidth": 1,
      },
    },
  },
  Object {
    "key": Object {
      "contrast": "#39383D",
      "fill": "#F2F2EF",
      "index": 16,
      "lowerHeight": 45,
      "lowerWidth": 23.6,
      "notes": Array [
        "E4",
      ],
      "offsetX": 213.4,
      "pitches": Array [
        "E",
      ],
      "scaleX": 1,
      "scaleY": 1,
      "sharp": false,
      "stroke": "#39383D",
      "strokeWidth": 1,
      "upperHeight": 100,
      "upperOffset": 8.55,
      "upperWidth": 15.05,
    },
    "polygon": Object {
      "points": "221.95000000000002,2 221.95000000000002,102 213.4,102 213.4,147 237,147 237,102 237,102 237,2",
      "style": Object {
        "fill": "#F2F2EF",
        "stroke": "#39383D",
        "strokeWidth": 1,
      },
    },
  },
  Object {
    "key": Object {
      "contrast": "#39383D",
      "fill": "#F2F2EF",
      "index": 17,
      "lowerHeight": 45,
      "lowerWidth": 23.6,
      "notes": Array [
        "F4",
        "E#4",
      ],
      "offsetX": 237,
      "pitches": Array [
        "F",
        "E#",
      ],
      "scaleX": 1,
      "scaleY": 1,
      "sharp": false,
      "stroke": "#39383D",
      "strokeWidth": 1,
      "upperHeight": 100,
      "upperOffset": 0,
      "upperWidth": 13.95,
    },
    "polygon": Object {
      "points": "237,2 237,102 237,102 237,147 260.6,147 260.6,102 250.95,102 250.95,2",
      "style": Object {
        "fill": "#F2F2EF",
        "stroke": "#39383D",
        "strokeWidth": 1,
      },
    },
  },
  Object {
    "key": Object {
      "contrast": "#F2F2EF",
      "fill": "#39383D",
      "index": 18,
      "lowerHeight": 0,
      "lowerWidth": 12.7,
      "notes": Array [
        "Gb4",
        "F#4",
      ],
      "offsetX": 250.95,
      "pitches": Array [
        "Gb",
        "F#",
      ],
      "scaleX": 1,
      "scaleY": 1,
      "sharp": true,
      "stroke": "#39383D",
      "strokeWidth": 1,
      "upperHeight": 100,
      "upperOffset": 0,
      "upperWidth": 12.7,
    },
    "polygon": Object {
      "points": "250.95,2 250.95,102 250.95,102 250.95,102 263.65,102 263.65,102 263.65,102 263.65,2",
      "style": Object {
        "fill": "#39383D",
        "stroke": "#39383D",
        "strokeWidth": 1,
      },
    },
  },
  Object {
    "key": Object {
      "contrast": "#39383D",
      "fill": "#F2F2EF",
      "index": 19,
      "lowerHeight": 45,
      "lowerWidth": 23.6,
      "notes": Array [
        "G4",
      ],
      "offsetX": 260.6,
      "pitches": Array [
        "G",
      ],
      "scaleX": 1,
      "scaleY": 1,
      "sharp": false,
      "stroke": "#39383D",
      "strokeWidth": 1,
      "upperHeight": 100,
      "upperOffset": 3.05,
      "upperWidth": 14.2,
    },
    "polygon": Object {
      "points": "263.65000000000003,2 263.65000000000003,102 260.6,102 260.6,147 284.20000000000005,147 284.20000000000005,102 277.85,102 277.85,2",
      "style": Object {
        "fill": "#F2F2EF",
        "stroke": "#39383D",
        "strokeWidth": 1,
      },
    },
  },
  Object {
    "key": Object {
      "contrast": "#F2F2EF",
      "fill": "#39383D",
      "index": 20,
      "lowerHeight": 0,
      "lowerWidth": 12.7,
      "notes": Array [
        "Ab4",
        "G#4",
      ],
      "offsetX": 277.84999999999997,
      "pitches": Array [
        "Ab",
        "G#",
      ],
      "scaleX": 1,
      "scaleY": 1,
      "sharp": true,
      "stroke": "#39383D",
      "strokeWidth": 1,
      "upperHeight": 100,
      "upperOffset": 0,
      "upperWidth": 12.7,
    },
    "polygon": Object {
      "points": "277.84999999999997,2 277.84999999999997,102 277.84999999999997,102 277.84999999999997,102 290.54999999999995,102 290.54999999999995,102 290.54999999999995,102 290.54999999999995,2",
      "style": Object {
        "fill": "#39383D",
        "stroke": "#39383D",
        "strokeWidth": 1,
      },
    },
  },
  Object {
    "key": Object {
      "contrast": "#39383D",
      "fill": "#F2F2EF",
      "index": 21,
      "lowerHeight": 45,
      "lowerWidth": 23.6,
      "notes": Array [
        "A4",
      ],
      "offsetX": 284.20000000000005,
      "pitches": Array [
        "A",
      ],
      "scaleX": 1,
      "scaleY": 1,
      "sharp": false,
      "stroke": "#39383D",
      "strokeWidth": 1,
      "upperHeight": 100,
      "upperOffset": 6.35,
      "upperWidth": 14.2,
    },
    "polygon": Object {
      "points": "290.55000000000007,2 290.55000000000007,102 284.20000000000005,102 284.20000000000005,147 307.80000000000007,147 307.80000000000007,102 304.75000000000006,102 304.75000000000006,2",
      "style": Object {
        "fill": "#F2F2EF",
        "stroke": "#39383D",
        "strokeWidth": 1,
      },
    },
  },
  Object {
    "key": Object {
      "contrast": "#F2F2EF",
      "fill": "#39383D",
      "index": 22,
      "lowerHeight": 0,
      "lowerWidth": 12.7,
      "notes": Array [
        "Bb4",
        "A#4",
      ],
      "offsetX": 304.74999999999994,
      "pitches": Array [
        "Bb",
        "A#",
      ],
      "scaleX": 1,
      "scaleY": 1,
      "sharp": true,
      "stroke": "#39383D",
      "strokeWidth": 1,
      "upperHeight": 100,
      "upperOffset": 0,
      "upperWidth": 12.7,
    },
    "polygon": Object {
      "points": "304.74999999999994,2 304.74999999999994,102 304.74999999999994,102 304.74999999999994,102 317.44999999999993,102 317.44999999999993,102 317.44999999999993,102 317.44999999999993,2",
      "style": Object {
        "fill": "#39383D",
        "stroke": "#39383D",
        "strokeWidth": 1,
      },
    },
  },
  Object {
    "key": Object {
      "contrast": "#39383D",
      "fill": "#F2F2EF",
      "index": 23,
      "lowerHeight": 45,
      "lowerWidth": 23.6,
      "notes": Array [
        "B4",
        "Cb4",
      ],
      "offsetX": 307.8,
      "pitches": Array [
        "B",
        "Cb",
      ],
      "scaleX": 1,
      "scaleY": 1,
      "sharp": false,
      "stroke": "#39383D",
      "strokeWidth": 1,
      "upperHeight": 100,
      "upperOffset": 9.65,
      "upperWidth": 13.95,
    },
    "polygon": Object {
      "points": "317.45,2 317.45,102 307.8,102 307.8,147 331.40000000000003,147 331.40000000000003,102 331.40000000000003,102 331.40000000000003,2",
      "style": Object {
        "fill": "#F2F2EF",
        "stroke": "#39383D",
        "strokeWidth": 1,
      },
    },
  },
  Object {
    "key": Object {
      "contrast": "#39383D",
      "fill": "#F2F2EF",
      "index": 24,
      "lowerHeight": 45,
      "lowerWidth": 23.6,
      "notes": Array [
        "C5",
        "B#5",
      ],
      "offsetX": 331.40000000000003,
      "pitches": Array [
        "C",
        "B#",
      ],
      "scaleX": 1,
      "scaleY": 1,
      "sharp": false,
      "stroke": "#39383D",
      "strokeWidth": 1,
      "upperHeight": 100,
      "upperOffset": 0,
      "upperWidth": 15.05,
    },
    "polygon": Object {
      "points": "331.40000000000003,2 331.40000000000003,102 331.40000000000003,102 331.40000000000003,147 355.00000000000006,147 355.00000000000006,102 346.45000000000005,102 346.45000000000005,2",
      "style": Object {
        "fill": "#F2F2EF",
        "stroke": "#39383D",
        "strokeWidth": 1,
      },
    },
  },
  Object {
    "key": Object {
      "contrast": "#F2F2EF",
      "fill": "#39383D",
      "index": 25,
      "lowerHeight": 0,
      "lowerWidth": 12.7,
      "notes": Array [
        "Db5",
        "C#5",
      ],
      "offsetX": 346.44999999999993,
      "pitches": Array [
        "Db",
        "C#",
      ],
      "scaleX": 1,
      "scaleY": 1,
      "sharp": true,
      "stroke": "#39383D",
      "strokeWidth": 1,
      "upperHeight": 100,
      "upperOffset": 0,
      "upperWidth": 12.7,
    },
    "polygon": Object {
      "points": "346.44999999999993,2 346.44999999999993,102 346.44999999999993,102 346.44999999999993,102 359.1499999999999,102 359.1499999999999,102 359.1499999999999,102 359.1499999999999,2",
      "style": Object {
        "fill": "#39383D",
        "stroke": "#39383D",
        "strokeWidth": 1,
      },
    },
  },
  Object {
    "key": Object {
      "contrast": "#39383D",
      "fill": "#F2F2EF",
      "index": 26,
      "lowerHeight": 45,
      "lowerWidth": 23.6,
      "notes": Array [
        "D5",
      ],
      "offsetX": 355,
      "pitches": Array [
        "D",
      ],
      "scaleX": 1,
      "scaleY": 1,
      "sharp": false,
      "stroke": "#39383D",
      "strokeWidth": 1,
      "upperHeight": 100,
      "upperOffset": 4.15,
      "upperWidth": 15.3,
    },
    "polygon": Object {
      "points": "359.15,2 359.15,102 355,102 355,147 378.6,147 378.6,102 374.45,102 374.45,2",
      "style": Object {
        "fill": "#F2F2EF",
        "stroke": "#39383D",
        "strokeWidth": 1,
      },
    },
  },
  Object {
    "key": Object {
      "contrast": "#F2F2EF",
      "fill": "#39383D",
      "index": 27,
      "lowerHeight": 0,
      "lowerWidth": 12.7,
      "notes": Array [
        "Eb5",
        "D#5",
      ],
      "offsetX": 374.44999999999993,
      "pitches": Array [
        "Eb",
        "D#",
      ],
      "scaleX": 1,
      "scaleY": 1,
      "sharp": true,
      "stroke": "#39383D",
      "strokeWidth": 1,
      "upperHeight": 100,
      "upperOffset": 0,
      "upperWidth": 12.7,
    },
    "polygon": Object {
      "points": "374.44999999999993,2 374.44999999999993,102 374.44999999999993,102 374.44999999999993,102 387.1499999999999,102 387.1499999999999,102 387.1499999999999,102 387.1499999999999,2",
      "style": Object {
        "fill": "#39383D",
        "stroke": "#39383D",
        "strokeWidth": 1,
      },
    },
  },
  Object {
    "key": Object {
      "contrast": "#39383D",
      "fill": "#F2F2EF",
      "index": 28,
      "lowerHeight": 45,
      "lowerWidth": 23.6,
      "notes": Array [
        "E5",
      ],
      "offsetX": 378.6,
      "pitches": Array [
        "E",
      ],
      "scaleX": 1,
      "scaleY": 1,
      "sharp": false,
      "stroke": "#39383D",
      "strokeWidth": 1,
      "upperHeight": 100,
      "upperOffset": 8.55,
      "upperWidth": 15.05,
    },
    "polygon": Object {
      "points": "387.15000000000003,2 387.15000000000003,102 378.6,102 378.6,147 402.20000000000005,147 402.20000000000005,102 402.20000000000005,102 402.20000000000005,2",
      "style": Object {
        "fill": "#F2F2EF",
        "stroke": "#39383D",
        "strokeWidth": 1,
      },
    },
  },
  Object {
    "key": Object {
      "contrast": "#39383D",
      "fill": "#F2F2EF",
      "index": 29,
      "lowerHeight": 45,
      "lowerWidth": 23.6,
      "notes": Array [
        "F5",
        "E#5",
      ],
      "offsetX": 402.20000000000005,
      "pitches": Array [
        "F",
        "E#",
      ],
      "scaleX": 1,
      "scaleY": 1,
      "sharp": false,
      "stroke": "#39383D",
      "strokeWidth": 1,
      "upperHeight": 100,
      "upperOffset": 0,
      "upperWidth": 13.95,
    },
    "polygon": Object {
      "points": "402.20000000000005,2 402.20000000000005,102 402.20000000000005,102 402.20000000000005,147 425.80000000000007,147 425.80000000000007,102 416.15000000000003,102 416.15000000000003,2",
      "style": Object {
        "fill": "#F2F2EF",
        "stroke": "#39383D",
        "strokeWidth": 1,
      },
    },
  },
  Object {
    "key": Object {
      "contrast": "#F2F2EF",
      "fill": "#39383D",
      "index": 30,
      "lowerHeight": 0,
      "lowerWidth": 12.7,
      "notes": Array [
        "Gb5",
        "F#5",
      ],
      "offsetX": 416.1499999999999,
      "pitches": Array [
        "Gb",
        "F#",
      ],
      "scaleX": 1,
      "scaleY": 1,
      "sharp": true,
      "stroke": "#39383D",
      "strokeWidth": 1,
      "upperHeight": 100,
      "upperOffset": 0,
      "upperWidth": 12.7,
    },
    "polygon": Object {
      "points": "416.1499999999999,2 416.1499999999999,102 416.1499999999999,102 416.1499999999999,102 428.8499999999999,102 428.8499999999999,102 428.8499999999999,102 428.8499999999999,2",
      "style": Object {
        "fill": "#39383D",
        "stroke": "#39383D",
        "strokeWidth": 1,
      },
    },
  },
  Object {
    "key": Object {
      "contrast": "#39383D",
      "fill": "#F2F2EF",
      "index": 31,
      "lowerHeight": 45,
      "lowerWidth": 23.6,
      "notes": Array [
        "G5",
      ],
      "offsetX": 425.8,
      "pitches": Array [
        "G",
      ],
      "scaleX": 1,
      "scaleY": 1,
      "sharp": false,
      "stroke": "#39383D",
      "strokeWidth": 1,
      "upperHeight": 100,
      "upperOffset": 3.05,
      "upperWidth": 14.2,
    },
    "polygon": Object {
      "points": "428.85,2 428.85,102 425.8,102 425.8,147 449.40000000000003,147 449.40000000000003,102 443.05,102 443.05,2",
      "style": Object {
        "fill": "#F2F2EF",
        "stroke": "#39383D",
        "strokeWidth": 1,
      },
    },
  },
  Object {
    "key": Object {
      "contrast": "#F2F2EF",
      "fill": "#39383D",
      "index": 32,
      "lowerHeight": 0,
      "lowerWidth": 12.7,
      "notes": Array [
        "Ab5",
        "G#5",
      ],
      "offsetX": 443.0499999999999,
      "pitches": Array [
        "Ab",
        "G#",
      ],
      "scaleX": 1,
      "scaleY": 1,
      "sharp": true,
      "stroke": "#39383D",
      "strokeWidth": 1,
      "upperHeight": 100,
      "upperOffset": 0,
      "upperWidth": 12.7,
    },
    "polygon": Object {
      "points": "443.0499999999999,2 443.0499999999999,102 443.0499999999999,102 443.0499999999999,102 455.7499999999999,102 455.7499999999999,102 455.7499999999999,102 455.7499999999999,2",
      "style": Object {
        "fill": "#39383D",
        "stroke": "#39383D",
        "strokeWidth": 1,
      },
    },
  },
  Object {
    "key": Object {
      "contrast": "#39383D",
      "fill": "#F2F2EF",
      "index": 33,
      "lowerHeight": 45,
      "lowerWidth": 23.6,
      "notes": Array [
        "A5",
      ],
      "offsetX": 449.40000000000003,
      "pitches": Array [
        "A",
      ],
      "scaleX": 1,
      "scaleY": 1,
      "sharp": false,
      "stroke": "#39383D",
      "strokeWidth": 1,
      "upperHeight": 100,
      "upperOffset": 6.35,
      "upperWidth": 14.2,
    },
    "polygon": Object {
      "points": "455.75000000000006,2 455.75000000000006,102 449.40000000000003,102 449.40000000000003,147 473.00000000000006,147 473.00000000000006,102 469.95000000000005,102 469.95000000000005,2",
      "style": Object {
        "fill": "#F2F2EF",
        "stroke": "#39383D",
        "strokeWidth": 1,
      },
    },
  },
  Object {
    "key": Object {
      "contrast": "#F2F2EF",
      "fill": "#39383D",
      "index": 34,
      "lowerHeight": 0,
      "lowerWidth": 12.7,
      "notes": Array [
        "Bb5",
        "A#5",
      ],
      "offsetX": 469.9499999999999,
      "pitches": Array [
        "Bb",
        "A#",
      ],
      "scaleX": 1,
      "scaleY": 1,
      "sharp": true,
      "stroke": "#39383D",
      "strokeWidth": 1,
      "upperHeight": 100,
      "upperOffset": 0,
      "upperWidth": 12.7,
    },
    "polygon": Object {
      "points": "469.9499999999999,2 469.9499999999999,102 469.9499999999999,102 469.9499999999999,102 482.64999999999986,102 482.64999999999986,102 482.64999999999986,102 482.64999999999986,2",
      "style": Object {
        "fill": "#39383D",
        "stroke": "#39383D",
        "strokeWidth": 1,
      },
    },
  },
  Object {
    "key": Object {
      "contrast": "#39383D",
      "fill": "#F2F2EF",
      "index": 35,
      "lowerHeight": 45,
      "lowerWidth": 23.6,
      "notes": Array [
        "B5",
        "Cb5",
      ],
      "offsetX": 473,
      "pitches": Array [
        "B",
        "Cb",
      ],
      "scaleX": 1,
      "scaleY": 1,
      "sharp": false,
      "stroke": "#39383D",
      "strokeWidth": 1,
      "upperHeight": 100,
      "upperOffset": 9.65,
      "upperWidth": 13.95,
    },
    "polygon": Object {
      "points": "482.65,2 482.65,102 473,102 473,147 496.6,147 496.6,102 496.6,102 496.6,2",
      "style": Object {
        "fill": "#F2F2EF",
        "stroke": "#39383D",
        "strokeWidth": 1,
      },
    },
  },
  Object {
    "key": Object {
      "contrast": "#39383D",
      "fill": "#F2F2EF",
      "index": 36,
      "lowerHeight": 45,
      "lowerWidth": 23.6,
      "notes": Array [
        "C6",
        "B#6",
      ],
      "offsetX": 496.6,
      "pitches": Array [
        "C",
        "B#",
      ],
      "scaleX": 1,
      "scaleY": 1,
      "sharp": false,
      "stroke": "#39383D",
      "strokeWidth": 1,
      "upperHeight": 100,
      "upperOffset": 0,
      "upperWidth": 23.6,
    },
    "polygon": Object {
      "points": "496.6,2 496.6,102 496.6,102 496.6,147 520.2,147 520.2,102 520.2,102 520.2,2",
      "style": Object {
        "fill": "#F2F2EF",
        "stroke": "#39383D",
        "strokeWidth": 1,
      },
    },
  },
]
`;
