// Jest Snapshot v1, https://goo.gl/fbAQLP

exports[`Keyboard - utils tests it should get the getKeySizes 1`] = `
Array [
  Object {
    "contrast": "#39383D",
    "fill": "#F2F2EF",
    "lowerHeight": 45,
    "lowerWidth": 23.6,
    "pitches": Array [
      "C",
      "B#",
    ],
    "sharp": false,
    "stroke": "#39383D",
    "strokeWidth": 1,
    "upperHeight": 100,
    "upperOffset": 0,
    "upperWidth": 15.05,
  },
  Object {
    "contrast": "#F2F2EF",
    "fill": "#39383D",
    "lowerHeight": 0,
    "lowerWidth": 12.7,
    "pitches": Array [
      "Db",
      "C#",
    ],
    "sharp": true,
    "stroke": "#39383D",
    "strokeWidth": 1,
    "upperHeight": 100,
    "upperOffset": 0,
    "upperWidth": 12.7,
  },
  Object {
    "contrast": "#39383D",
    "fill": "#F2F2EF",
    "lowerHeight": 45,
    "lowerWidth": 23.6,
    "pitches": Array [
      "D",
    ],
    "sharp": false,
    "stroke": "#39383D",
    "strokeWidth": 1,
    "upperHeight": 100,
    "upperOffset": 4.15,
    "upperWidth": 15.3,
  },
  Object {
    "contrast": "#F2F2EF",
    "fill": "#39383D",
    "lowerHeight": 0,
    "lowerWidth": 12.7,
    "pitches": Array [
      "Eb",
      "D#",
    ],
    "sharp": true,
    "stroke": "#39383D",
    "strokeWidth": 1,
    "upperHeight": 100,
    "upperOffset": 0,
    "upperWidth": 12.7,
  },
  Object {
    "contrast": "#39383D",
    "fill": "#F2F2EF",
    "lowerHeight": 45,
    "lowerWidth": 23.6,
    "pitches": Array [
      "E",
    ],
    "sharp": false,
    "stroke": "#39383D",
    "strokeWidth": 1,
    "upperHeight": 100,
    "upperOffset": 8.55,
    "upperWidth": 15.05,
  },
  Object {
    "contrast": "#39383D",
    "fill": "#F2F2EF",
    "lowerHeight": 45,
    "lowerWidth": 23.6,
    "pitches": Array [
      "F",
      "E#",
    ],
    "sharp": false,
    "stroke": "#39383D",
    "strokeWidth": 1,
    "upperHeight": 100,
    "upperOffset": 0,
    "upperWidth": 13.95,
  },
  Object {
    "contrast": "#F2F2EF",
    "fill": "#39383D",
    "lowerHeight": 0,
    "lowerWidth": 12.7,
    "pitches": Array [
      "Gb",
      "F#",
    ],
    "sharp": true,
    "stroke": "#39383D",
    "strokeWidth": 1,
    "upperHeight": 100,
    "upperOffset": 0,
    "upperWidth": 12.7,
  },
  Object {
    "contrast": "#39383D",
    "fill": "#F2F2EF",
    "lowerHeight": 45,
    "lowerWidth": 23.6,
    "pitches": Array [
      "G",
    ],
    "sharp": false,
    "stroke": "#39383D",
    "strokeWidth": 1,
    "upperHeight": 100,
    "upperOffset": 3.05,
    "upperWidth": 14.2,
  },
  Object {
    "contrast": "#F2F2EF",
    "fill": "#39383D",
    "lowerHeight": 0,
    "lowerWidth": 12.7,
    "pitches": Array [
      "Ab",
      "G#",
    ],
    "sharp": true,
    "stroke": "#39383D",
    "strokeWidth": 1,
    "upperHeight": 100,
    "upperOffset": 0,
    "upperWidth": 12.7,
  },
  Object {
    "contrast": "#39383D",
    "fill": "#F2F2EF",
    "lowerHeight": 45,
    "lowerWidth": 23.6,
    "pitches": Array [
      "A",
    ],
    "sharp": false,
    "stroke": "#39383D",
    "strokeWidth": 1,
    "upperHeight": 100,
    "upperOffset": 6.35,
    "upperWidth": 14.2,
  },
  Object {
    "contrast": "#F2F2EF",
    "fill": "#39383D",
    "lowerHeight": 0,
    "lowerWidth": 12.7,
    "pitches": Array [
      "Bb",
      "A#",
    ],
    "sharp": true,
    "stroke": "#39383D",
    "strokeWidth": 1,
    "upperHeight": 100,
    "upperOffset": 0,
    "upperWidth": 12.7,
  },
  Object {
    "contrast": "#39383D",
    "fill": "#F2F2EF",
    "lowerHeight": 45,
    "lowerWidth": 23.6,
    "pitches": Array [
      "B",
      "Cb",
    ],
    "sharp": false,
    "stroke": "#39383D",
    "strokeWidth": 1,
    "upperHeight": 100,
    "upperOffset": 9.65,
    "upperWidth": 13.95,
  },
]
`;

exports[`Keyboard - utils tests it should get the keyboard 1`] = `
Array [
  Object {
    "contrast": "#39383D",
    "fill": "#F2F2EF",
    "lowerHeight": 45,
    "lowerWidth": 23.6,
    "pitches": Array [
      "C",
      "B#",
    ],
    "sharp": false,
    "stroke": "#39383D",
    "strokeWidth": 1,
    "upperHeight": 100,
    "upperOffset": 0,
    "upperWidth": 15.05,
  },
  Object {
    "contrast": "#F2F2EF",
    "fill": "#39383D",
    "lowerHeight": 0,
    "lowerWidth": 12.7,
    "pitches": Array [
      "Db",
      "C#",
    ],
    "sharp": true,
    "stroke": "#39383D",
    "strokeWidth": 1,
    "upperHeight": 100,
    "upperOffset": 0,
    "upperWidth": 12.7,
  },
  Object {
    "contrast": "#39383D",
    "fill": "#F2F2EF",
    "lowerHeight": 45,
    "lowerWidth": 23.6,
    "pitches": Array [
      "D",
    ],
    "sharp": false,
    "stroke": "#39383D",
    "strokeWidth": 1,
    "upperHeight": 100,
    "upperOffset": 4.15,
    "upperWidth": 15.3,
  },
  Object {
    "contrast": "#F2F2EF",
    "fill": "#39383D",
    "lowerHeight": 0,
    "lowerWidth": 12.7,
    "pitches": Array [
      "Eb",
      "D#",
    ],
    "sharp": true,
    "stroke": "#39383D",
    "strokeWidth": 1,
    "upperHeight": 100,
    "upperOffset": 0,
    "upperWidth": 12.7,
  },
  Object {
    "contrast": "#39383D",
    "fill": "#F2F2EF",
    "lowerHeight": 45,
    "lowerWidth": 23.6,
    "pitches": Array [
      "E",
    ],
    "sharp": false,
    "stroke": "#39383D",
    "strokeWidth": 1,
    "upperHeight": 100,
    "upperOffset": 8.55,
    "upperWidth": 15.05,
  },
  Object {
    "contrast": "#39383D",
    "fill": "#F2F2EF",
    "lowerHeight": 45,
    "lowerWidth": 23.6,
    "pitches": Array [
      "F",
      "E#",
    ],
    "sharp": false,
    "stroke": "#39383D",
    "strokeWidth": 1,
    "upperHeight": 100,
    "upperOffset": 0,
    "upperWidth": 13.95,
  },
  Object {
    "contrast": "#F2F2EF",
    "fill": "#39383D",
    "lowerHeight": 0,
    "lowerWidth": 12.7,
    "pitches": Array [
      "Gb",
      "F#",
    ],
    "sharp": true,
    "stroke": "#39383D",
    "strokeWidth": 1,
    "upperHeight": 100,
    "upperOffset": 0,
    "upperWidth": 12.7,
  },
  Object {
    "contrast": "#39383D",
    "fill": "#F2F2EF",
    "lowerHeight": 45,
    "lowerWidth": 23.6,
    "pitches": Array [
      "G",
    ],
    "sharp": false,
    "stroke": "#39383D",
    "strokeWidth": 1,
    "upperHeight": 100,
    "upperOffset": 3.05,
    "upperWidth": 14.2,
  },
  Object {
    "contrast": "#F2F2EF",
    "fill": "#39383D",
    "lowerHeight": 0,
    "lowerWidth": 12.7,
    "pitches": Array [
      "Ab",
      "G#",
    ],
    "sharp": true,
    "stroke": "#39383D",
    "strokeWidth": 1,
    "upperHeight": 100,
    "upperOffset": 0,
    "upperWidth": 12.7,
  },
  Object {
    "contrast": "#39383D",
    "fill": "#F2F2EF",
    "lowerHeight": 45,
    "lowerWidth": 23.6,
    "pitches": Array [
      "A",
    ],
    "sharp": false,
    "stroke": "#39383D",
    "strokeWidth": 1,
    "upperHeight": 100,
    "upperOffset": 6.35,
    "upperWidth": 14.2,
  },
  Object {
    "contrast": "#F2F2EF",
    "fill": "#39383D",
    "lowerHeight": 0,
    "lowerWidth": 12.7,
    "pitches": Array [
      "Bb",
      "A#",
    ],
    "sharp": true,
    "stroke": "#39383D",
    "strokeWidth": 1,
    "upperHeight": 100,
    "upperOffset": 0,
    "upperWidth": 12.7,
  },
  Object {
    "contrast": "#39383D",
    "fill": "#F2F2EF",
    "lowerHeight": 45,
    "lowerWidth": 23.6,
    "pitches": Array [
      "B",
      "Cb",
    ],
    "sharp": false,
    "stroke": "#39383D",
    "strokeWidth": 1,
    "upperHeight": 100,
    "upperOffset": 9.65,
    "upperWidth": 13.95,
  },
]
`;
