// Jest Snapshot v1, https://goo.gl/fbAQLP

exports[`should render a link with bold and italic text within the link 1`] = `
.c0 {
  margin: 0;
  padding: 0;
  border: 0;
  box-sizing: border-box;
  font-size: 100%;
  font: inherit;
  vertical-align: baseline;
  max-width: 100%;
  text-align: left;
}

<div>
  <span
    class="typography-body-variant-basekick-64 typography-neutral-color-65 typography-regular-weight-66 typography-strong-support-67 -span c0"
    data-id="text"
  >
    A link 
    <a
      class="typography-linkReset-69 typography-neutral-tone-link-70"
      data-id="with-multiple-text-that-is-bold-and-two-blocks-of-text-which-are-italic"
      href="http://origin.com.au"
    >
      with 
      <strong
        class="typography-medium-weight-71"
        data-id="strong"
      >
        multiple
      </strong>
       text that 
      <strong
        class="typography-medium-weight-72"
        data-id="strong"
      >
        is bold
      </strong>
       and 
      <em
        data-id="emphasis"
      >
        two blocks
      </em>
       of text which are 
      <em
        data-id="emphasis"
      >
        italic
      </em>
      
    </a>
     as well
  </span>
</div>
`;
