// Jest Snapshot v1, https://goo.gl/fbAQLP

exports[`It can render 1`] = `
.c0 {
  margin: 0;
  padding: 0;
  border: 0;
  box-sizing: border-box;
  font-size: 100%;
  font: inherit;
  vertical-align: baseline;
  max-width: 100%;
  text-align: left;
}

<span
  class="typography-body-variant-basekick-1 typography-neutral-color-2 typography-regular-weight-3 typography-strong-support-4 -span c0"
  data-id="text"
>
  <a
    class="typography-linkReset-6 typography-neutral-tone-link-7"
    data-id="text-link"
    href="someUrl"
  >
    Text link
  </a>
</span>
`;
