// Jest Snapshot v1, https://goo.gl/fbAQLP

exports[`it should return a flattened MUI palette 1`] = `
Object {
  "caution": "#ffb432",
  "cautionDark": "#b27d23",
  "cautionLight": "#ffc35b",
  "critical": "#ec0000",
  "criticalDark": "#a50000",
  "criticalLight": "#ef3333",
  "disabled": "#e3e3e3",
  "error": "#ec0000",
  "errorDark": "#a50000",
  "errorLight": "#ef3333",
  "grey100": "#f1f1f1",
  "grey200": "#e3e3e3",
  "grey300": "#ababab",
  "grey400": "#737373",
  "grey50": "#f8f8f8",
  "grey500": "#505050",
  "grey600": "#232323",
  "info": "#0a5fd2",
  "infoDark": "#074293",
  "infoLight": "#3b7fdb",
  "neutral": "#505050",
  "neutralDark": "#232323",
  "neutralLight": "#737373",
  "positive": "#008906",
  "positiveDark": "#005f04",
  "positiveLight": "#a5bb48",
  "primary": "#ec0000",
  "primaryB": "#fa4616",
  "primaryBDark": "#af310f",
  "primaryBLight": "#fb6b44",
  "primaryDark": "#a50000",
  "primaryLight": "#ef3333",
  "promote": "#0a5fd2",
  "promoteB": "#c34789",
  "promoteBDark": "#88315f",
  "promoteBLight": "#cf6ba0",
  "promoteDark": "#074293",
  "promoteLight": "#3b7fdb",
  "secondary": "#ffb432",
  "secondaryB": "#505050",
  "secondaryBDark": "#383838",
  "secondaryBLight": "#737373",
  "secondaryDark": "#b27d23",
  "secondaryLight": "#ffc35b",
  "success": "#008906",
  "successDark": "#005f04",
  "successLight": "#a5bb48",
  "transparent": "transparent",
  "warning": "#ffb432",
  "warningDark": "#b27d23",
  "warningLight": "#ffc35b",
  "white": "white",
}
`;
