// Jest Snapshot v1, https://goo.gl/fbAQLP

exports[`It adds dividers 1`] = `
.c2 {
  margin: 0;
  padding: 0;
  border: 0;
  box-sizing: border-box;
  font-size: 100%;
  font: inherit;
  vertical-align: baseline;
  background-color: #e3e3e3;
  display: -webkit-box;
  display: -webkit-flex;
  display: -ms-flexbox;
  display: flex;
  -webkit-align-items: center;
  -webkit-box-align: center;
  -ms-flex-align: center;
  align-items: center;
  -webkit-box-pack: center;
  -webkit-justify-content: center;
  -ms-flex-pack: center;
  justify-content: center;
  position: relative;
  overflow: hidden;
}

.c3 {
  margin: 0;
  padding: 0;
  border: 0;
  box-sizing: border-box;
  font-size: 100%;
  font: inherit;
  vertical-align: baseline;
  -webkit-align-self: stretch;
  -ms-flex-item-align: stretch;
  align-self: stretch;
  position: relative;
}

.c5 {
  margin: 0;
  padding: 0;
  border: 0;
  box-sizing: border-box;
  font-size: 100%;
  font: inherit;
  vertical-align: baseline;
  position: absolute;
  width: 100%;
}

.c1 {
  width: auto;
  height: 120px;
  border: 2px solid rgba(51,51,51,0.3);
}

.c4 {
  height: 1px;
  box-shadow: inset 0 0 0 1px #e3e3e3;
}

.c0 {
  width: 100%;
  display: -webkit-box;
  display: -webkit-flex;
  display: -ms-flexbox;
  display: flex;
  -webkit-flex-direction: column;
  -ms-flex-direction: column;
  flex-direction: column;
  -webkit-align-items: stretch;
  -webkit-box-align: stretch;
  -ms-flex-align: stretch;
  align-items: stretch;
}

.c0.c0.c0 > *:not(:last-child) {
  margin-bottom: 48px;
}

<div
  class="c0"
  data-id="stack"
>
  <div
    class="c1 c2"
    data-id="placeholder"
    display="flex"
    height="120"
    overflow="hidden"
    shape="rectangle"
    width="auto"
  >
    <svg
      style="width: 100%; height: 100%; position: absolute;"
      xmlns="http://www.w3.org/2000/svg"
    >
      <line
        style="stroke-width: 2px; stroke: rgba(51,51,51,.1);"
        x1="0"
        x2="100%"
        y1="0"
        y2="100%"
      />
      <line
        style="stroke-width: 2px; stroke: rgba(51,51,51,.1);"
        x1="100%"
        x2="0"
        y1="0"
        y2="100%"
      />
    </svg>
  </div>
  <div
    class="c3"
    data-id="divider"
  >
    <div
      class="c4 c5"
      width="full"
    />
  </div>
  <div
    class="c1 c2"
    data-id="placeholder"
    display="flex"
    height="120"
    overflow="hidden"
    shape="rectangle"
    width="auto"
  >
    <svg
      style="width: 100%; height: 100%; position: absolute;"
      xmlns="http://www.w3.org/2000/svg"
    >
      <line
        style="stroke-width: 2px; stroke: rgba(51,51,51,.1);"
        x1="0"
        x2="100%"
        y1="0"
        y2="100%"
      />
      <line
        style="stroke-width: 2px; stroke: rgba(51,51,51,.1);"
        x1="100%"
        x2="0"
        y1="0"
        y2="100%"
      />
    </svg>
  </div>
  <div
    class="c3"
    data-id="divider"
  >
    <div
      class="c4 c5"
      width="full"
    />
  </div>
  <div
    class="c1 c2"
    data-id="placeholder"
    display="flex"
    height="120"
    overflow="hidden"
    shape="rectangle"
    width="auto"
  >
    <svg
      style="width: 100%; height: 100%; position: absolute;"
      xmlns="http://www.w3.org/2000/svg"
    >
      <line
        style="stroke-width: 2px; stroke: rgba(51,51,51,.1);"
        x1="0"
        x2="100%"
        y1="0"
        y2="100%"
      />
      <line
        style="stroke-width: 2px; stroke: rgba(51,51,51,.1);"
        x1="100%"
        x2="0"
        y1="0"
        y2="100%"
      />
    </svg>
  </div>
</div>
`;

exports[`It can stack 1`] = `
.c2 {
  margin: 0;
  padding: 0;
  border: 0;
  box-sizing: border-box;
  font-size: 100%;
  font: inherit;
  vertical-align: baseline;
  background-color: #e3e3e3;
  display: -webkit-box;
  display: -webkit-flex;
  display: -ms-flexbox;
  display: flex;
  -webkit-align-items: center;
  -webkit-box-align: center;
  -ms-flex-align: center;
  align-items: center;
  -webkit-box-pack: center;
  -webkit-justify-content: center;
  -ms-flex-pack: center;
  justify-content: center;
  position: relative;
  overflow: hidden;
}

.c1 {
  width: auto;
  height: 120px;
  border: 2px solid rgba(51,51,51,0.3);
}

.c0 {
  width: 100%;
  display: -webkit-box;
  display: -webkit-flex;
  display: -ms-flexbox;
  display: flex;
  -webkit-flex-direction: column;
  -ms-flex-direction: column;
  flex-direction: column;
  -webkit-align-items: stretch;
  -webkit-box-align: stretch;
  -ms-flex-align: stretch;
  align-items: stretch;
}

.c0.c0.c0 > *:not(:last-child) {
  margin-bottom: 0px;
}

<div
  class="c0"
  data-id="stack"
>
  <div
    class="c1 c2"
    data-id="placeholder"
    display="flex"
    height="120"
    overflow="hidden"
    shape="rectangle"
    width="auto"
  >
    <svg
      style="width: 100%; height: 100%; position: absolute;"
      xmlns="http://www.w3.org/2000/svg"
    >
      <line
        style="stroke-width: 2px; stroke: rgba(51,51,51,.1);"
        x1="0"
        x2="100%"
        y1="0"
        y2="100%"
      />
      <line
        style="stroke-width: 2px; stroke: rgba(51,51,51,.1);"
        x1="100%"
        x2="0"
        y1="0"
        y2="100%"
      />
    </svg>
  </div>
  <div
    class="c1 c2"
    data-id="placeholder"
    display="flex"
    height="120"
    overflow="hidden"
    shape="rectangle"
    width="auto"
  >
    <svg
      style="width: 100%; height: 100%; position: absolute;"
      xmlns="http://www.w3.org/2000/svg"
    >
      <line
        style="stroke-width: 2px; stroke: rgba(51,51,51,.1);"
        x1="0"
        x2="100%"
        y1="0"
        y2="100%"
      />
      <line
        style="stroke-width: 2px; stroke: rgba(51,51,51,.1);"
        x1="100%"
        x2="0"
        y1="0"
        y2="100%"
      />
    </svg>
  </div>
  <div
    class="c1 c2"
    data-id="placeholder"
    display="flex"
    height="120"
    overflow="hidden"
    shape="rectangle"
    width="auto"
  >
    <svg
      style="width: 100%; height: 100%; position: absolute;"
      xmlns="http://www.w3.org/2000/svg"
    >
      <line
        style="stroke-width: 2px; stroke: rgba(51,51,51,.1);"
        x1="0"
        x2="100%"
        y1="0"
        y2="100%"
      />
      <line
        style="stroke-width: 2px; stroke: rgba(51,51,51,.1);"
        x1="100%"
        x2="0"
        y1="0"
        y2="100%"
      />
    </svg>
  </div>
</div>
`;
