// Jest Snapshot v1, https://goo.gl/fbAQLP

exports[`it renders a divider 1`] = `
.c0 {
  margin: 0;
  padding: 0;
  border: 0;
  box-sizing: border-box;
  font-size: 100%;
  font: inherit;
  vertical-align: baseline;
  -webkit-align-self: stretch;
  -ms-flex-item-align: stretch;
  align-self: stretch;
  position: relative;
}

.c2 {
  margin: 0;
  padding: 0;
  border: 0;
  box-sizing: border-box;
  font-size: 100%;
  font: inherit;
  vertical-align: baseline;
  position: absolute;
  width: 100%;
  box-shadow: inset 0 0 0 1px #e3e3e3;
}

.c1 {
  height: 1px;
}

<div
  class="c0"
  data-id="divider"
>
  <div
    class="c1 c2"
    width="full"
  />
</div>
`;
