// Jest Snapshot v1, https://goo.gl/fbAQLP

exports[`it renders 1`] = `
.c1 {
  margin: 0;
  padding: 0;
  border: 0;
  box-sizing: border-box;
  font-size: 100%;
  font: inherit;
  vertical-align: baseline;
}

.c3 {
  margin: 0;
  padding: 0;
  border: 0;
  box-sizing: border-box;
  font-size: 100%;
  font: inherit;
  vertical-align: baseline;
  display: -webkit-box;
  display: -webkit-flex;
  display: -ms-flexbox;
  display: flex;
  -webkit-flex-direction: row;
  -ms-flex-direction: row;
  flex-direction: row;
  -webkit-flex-wrap: wrap;
  -ms-flex-wrap: wrap;
  flex-wrap: wrap;
  -webkit-align-items: flex-start;
  -webkit-box-align: flex-start;
  -ms-flex-align: flex-start;
  align-items: flex-start;
  -webkit-box-pack: start;
  -webkit-justify-content: flex-start;
  -ms-flex-pack: start;
  justify-content: flex-start;
}

.c5 {
  margin: 0;
  padding: 0;
  border: 0;
  box-sizing: border-box;
  font-size: 100%;
  font: inherit;
  vertical-align: baseline;
  display: block;
  padding-top: 12px;
  padding-left: 12px;
  -webkit-box-pack: start;
  -webkit-justify-content: flex-start;
  -ms-flex-pack: start;
  justify-content: flex-start;
}

.c7 {
  margin: 0;
  padding: 0;
  border: 0;
  box-sizing: border-box;
  font-size: 100%;
  font: inherit;
  vertical-align: baseline;
  background-color: #e3e3e3;
  display: -webkit-box;
  display: -webkit-flex;
  display: -ms-flexbox;
  display: flex;
  -webkit-align-items: center;
  -webkit-box-align: center;
  -ms-flex-align: center;
  align-items: center;
  -webkit-box-pack: center;
  -webkit-justify-content: center;
  -ms-flex-pack: center;
  justify-content: center;
  position: relative;
  overflow: hidden;
}

.c0 {
  padding-top: 1px;
}

.c0:before {
  content: "";
  display: block;
}

.c0:before {
  margin-top: -13px;
}

.c2 {
  min-width: 100%;
  margin-left: -12px;
}

.c4 {
  min-width: 0;
}

.c6 {
  width: 48px;
  min-width: 10px;
  height: 48px;
  border: 2px solid rgba(51,51,51,0.3);
}

@media screen and (min-width:576px) {
  .c3 {
    display: -webkit-box;
    display: -webkit-flex;
    display: -ms-flexbox;
    display: flex;
  }
}

@media screen and (min-width:768px) {
  .c3 {
    display: -webkit-box;
    display: -webkit-flex;
    display: -ms-flexbox;
    display: flex;
  }
}

@media screen and (min-width:992px) {
  .c3 {
    display: -webkit-box;
    display: -webkit-flex;
    display: -ms-flexbox;
    display: flex;
  }
}

@media screen and (min-width:1200px) {
  .c3 {
    display: -webkit-box;
    display: -webkit-flex;
    display: -ms-flexbox;
    display: flex;
  }
}

@media screen and (min-width:576px) {
  .c3 {
    -webkit-flex-direction: row;
    -ms-flex-direction: row;
    flex-direction: row;
  }
}

@media screen and (min-width:768px) {
  .c3 {
    -webkit-flex-direction: row;
    -ms-flex-direction: row;
    flex-direction: row;
  }
}

@media screen and (min-width:992px) {
  .c3 {
    -webkit-flex-direction: row;
    -ms-flex-direction: row;
    flex-direction: row;
  }
}

@media screen and (min-width:1200px) {
  .c3 {
    -webkit-flex-direction: row;
    -ms-flex-direction: row;
    flex-direction: row;
  }
}

@media screen and (min-width:576px) {
  .c3 {
    -webkit-box-pack: start;
    -webkit-justify-content: flex-start;
    -ms-flex-pack: start;
    justify-content: flex-start;
  }
}

@media screen and (min-width:768px) {
  .c3 {
    -webkit-box-pack: start;
    -webkit-justify-content: flex-start;
    -ms-flex-pack: start;
    justify-content: flex-start;
  }
}

@media screen and (min-width:992px) {
  .c3 {
    -webkit-box-pack: start;
    -webkit-justify-content: flex-start;
    -ms-flex-pack: start;
    justify-content: flex-start;
  }
}

@media screen and (min-width:1200px) {
  .c3 {
    -webkit-box-pack: start;
    -webkit-justify-content: flex-start;
    -ms-flex-pack: start;
    justify-content: flex-start;
  }
}

@media screen and (min-width:576px) {
  .c5 {
    display: block;
  }
}

@media screen and (min-width:768px) {
  .c5 {
    display: block;
  }
}

@media screen and (min-width:992px) {
  .c5 {
    display: block;
  }
}

@media screen and (min-width:1200px) {
  .c5 {
    display: block;
  }
}

@media screen and (min-width:576px) {
  .c5 {
    -webkit-box-pack: start;
    -webkit-justify-content: flex-start;
    -ms-flex-pack: start;
    justify-content: flex-start;
  }
}

@media screen and (min-width:768px) {
  .c5 {
    -webkit-box-pack: start;
    -webkit-justify-content: flex-start;
    -ms-flex-pack: start;
    justify-content: flex-start;
  }
}

@media screen and (min-width:992px) {
  .c5 {
    -webkit-box-pack: start;
    -webkit-justify-content: flex-start;
    -ms-flex-pack: start;
    justify-content: flex-start;
  }
}

@media screen and (min-width:1200px) {
  .c5 {
    -webkit-box-pack: start;
    -webkit-justify-content: flex-start;
    -ms-flex-pack: start;
    justify-content: flex-start;
  }
}

<div
  class="c0 c1"
  data-id="inline"
>
  <div
    class="c2 c3"
    display="flex,flex,flex,flex,flex"
  >
    <div
      class="c4 c5"
      display="block,block,block,block,block"
    >
      <div
        class="c6 c7"
        data-id="placeholder"
        display="flex"
        height="48"
        overflow="hidden"
        shape="rectangle"
        width="48"
      >
        <svg
          style="width: 100%; height: 100%; position: absolute;"
          xmlns="http://www.w3.org/2000/svg"
        >
          <line
            style="stroke-width: 2px; stroke: rgba(51,51,51,.1);"
            x1="0"
            x2="100%"
            y1="0"
            y2="100%"
          />
          <line
            style="stroke-width: 2px; stroke: rgba(51,51,51,.1);"
            x1="100%"
            x2="0"
            y1="0"
            y2="100%"
          />
        </svg>
      </div>
    </div>
    <div
      class="c4 c5"
      display="block,block,block,block,block"
    >
      <div
        class="c6 c7"
        data-id="placeholder"
        display="flex"
        height="48"
        overflow="hidden"
        shape="rectangle"
        width="48"
      >
        <svg
          style="width: 100%; height: 100%; position: absolute;"
          xmlns="http://www.w3.org/2000/svg"
        >
          <line
            style="stroke-width: 2px; stroke: rgba(51,51,51,.1);"
            x1="0"
            x2="100%"
            y1="0"
            y2="100%"
          />
          <line
            style="stroke-width: 2px; stroke: rgba(51,51,51,.1);"
            x1="100%"
            x2="0"
            y1="0"
            y2="100%"
          />
        </svg>
      </div>
    </div>
    <div
      class="c4 c5"
      display="block,block,block,block,block"
    >
      <div
        class="c6 c7"
        data-id="placeholder"
        display="flex"
        height="48"
        overflow="hidden"
        shape="rectangle"
        width="48"
      >
        <svg
          style="width: 100%; height: 100%; position: absolute;"
          xmlns="http://www.w3.org/2000/svg"
        >
          <line
            style="stroke-width: 2px; stroke: rgba(51,51,51,.1);"
            x1="0"
            x2="100%"
            y1="0"
            y2="100%"
          />
          <line
            style="stroke-width: 2px; stroke: rgba(51,51,51,.1);"
            x1="100%"
            x2="0"
            y1="0"
            y2="100%"
          />
        </svg>
      </div>
    </div>
    <div
      class="c4 c5"
      display="block,block,block,block,block"
    >
      <div
        class="c6 c7"
        data-id="placeholder"
        display="flex"
        height="48"
        overflow="hidden"
        shape="rectangle"
        width="48"
      >
        <svg
          style="width: 100%; height: 100%; position: absolute;"
          xmlns="http://www.w3.org/2000/svg"
        >
          <line
            style="stroke-width: 2px; stroke: rgba(51,51,51,.1);"
            x1="0"
            x2="100%"
            y1="0"
            y2="100%"
          />
          <line
            style="stroke-width: 2px; stroke: rgba(51,51,51,.1);"
            x1="100%"
            x2="0"
            y1="0"
            y2="100%"
          />
        </svg>
      </div>
    </div>
    <div
      class="c4 c5"
      display="block,block,block,block,block"
    >
      <div
        class="c6 c7"
        data-id="placeholder"
        display="flex"
        height="48"
        overflow="hidden"
        shape="rectangle"
        width="48"
      >
        <svg
          style="width: 100%; height: 100%; position: absolute;"
          xmlns="http://www.w3.org/2000/svg"
        >
          <line
            style="stroke-width: 2px; stroke: rgba(51,51,51,.1);"
            x1="0"
            x2="100%"
            y1="0"
            y2="100%"
          />
          <line
            style="stroke-width: 2px; stroke: rgba(51,51,51,.1);"
            x1="100%"
            x2="0"
            y1="0"
            y2="100%"
          />
        </svg>
      </div>
    </div>
    <div
      class="c4 c5"
      display="block,block,block,block,block"
    >
      <div
        class="c6 c7"
        data-id="placeholder"
        display="flex"
        height="48"
        overflow="hidden"
        shape="rectangle"
        width="48"
      >
        <svg
          style="width: 100%; height: 100%; position: absolute;"
          xmlns="http://www.w3.org/2000/svg"
        >
          <line
            style="stroke-width: 2px; stroke: rgba(51,51,51,.1);"
            x1="0"
            x2="100%"
            y1="0"
            y2="100%"
          />
          <line
            style="stroke-width: 2px; stroke: rgba(51,51,51,.1);"
            x1="100%"
            x2="0"
            y1="0"
            y2="100%"
          />
        </svg>
      </div>
    </div>
    <div
      class="c4 c5"
      display="block,block,block,block,block"
    >
      <div
        class="c6 c7"
        data-id="placeholder"
        display="flex"
        height="48"
        overflow="hidden"
        shape="rectangle"
        width="48"
      >
        <svg
          style="width: 100%; height: 100%; position: absolute;"
          xmlns="http://www.w3.org/2000/svg"
        >
          <line
            style="stroke-width: 2px; stroke: rgba(51,51,51,.1);"
            x1="0"
            x2="100%"
            y1="0"
            y2="100%"
          />
          <line
            style="stroke-width: 2px; stroke: rgba(51,51,51,.1);"
            x1="100%"
            x2="0"
            y1="0"
            y2="100%"
          />
        </svg>
      </div>
    </div>
    <div
      class="c4 c5"
      display="block,block,block,block,block"
    >
      <div
        class="c6 c7"
        data-id="placeholder"
        display="flex"
        height="48"
        overflow="hidden"
        shape="rectangle"
        width="48"
      >
        <svg
          style="width: 100%; height: 100%; position: absolute;"
          xmlns="http://www.w3.org/2000/svg"
        >
          <line
            style="stroke-width: 2px; stroke: rgba(51,51,51,.1);"
            x1="0"
            x2="100%"
            y1="0"
            y2="100%"
          />
          <line
            style="stroke-width: 2px; stroke: rgba(51,51,51,.1);"
            x1="100%"
            x2="0"
            y1="0"
            y2="100%"
          />
        </svg>
      </div>
    </div>
    <div
      class="c4 c5"
      display="block,block,block,block,block"
    >
      <div
        class="c6 c7"
        data-id="placeholder"
        display="flex"
        height="48"
        overflow="hidden"
        shape="rectangle"
        width="48"
      >
        <svg
          style="width: 100%; height: 100%; position: absolute;"
          xmlns="http://www.w3.org/2000/svg"
        >
          <line
            style="stroke-width: 2px; stroke: rgba(51,51,51,.1);"
            x1="0"
            x2="100%"
            y1="0"
            y2="100%"
          />
          <line
            style="stroke-width: 2px; stroke: rgba(51,51,51,.1);"
            x1="100%"
            x2="0"
            y1="0"
            y2="100%"
          />
        </svg>
      </div>
    </div>
    <div
      class="c4 c5"
      display="block,block,block,block,block"
    >
      <div
        class="c6 c7"
        data-id="placeholder"
        display="flex"
        height="48"
        overflow="hidden"
        shape="rectangle"
        width="48"
      >
        <svg
          style="width: 100%; height: 100%; position: absolute;"
          xmlns="http://www.w3.org/2000/svg"
        >
          <line
            style="stroke-width: 2px; stroke: rgba(51,51,51,.1);"
            x1="0"
            x2="100%"
            y1="0"
            y2="100%"
          />
          <line
            style="stroke-width: 2px; stroke: rgba(51,51,51,.1);"
            x1="100%"
            x2="0"
            y1="0"
            y2="100%"
          />
        </svg>
      </div>
    </div>
  </div>
</div>
`;
