// Jest Snapshot v1, https://goo.gl/fbAQLP

exports[`renders a label with default data-id 1`] = `
<div>
  <label
    class="MuiFormLabel-root FormLabel-root-1"
    data-id="formLabel"
    id="mylbl"
  >
    Some label
  </label>
</div>
`;
