// Jest Snapshot v1, https://goo.gl/fbAQLP

exports[`it renders a CardStackSection 1`] = `
.c0 {
  margin: 0;
  padding: 0;
  border: 0;
  box-sizing: border-box;
  font-size: 100%;
  font: inherit;
  vertical-align: baseline;
  display: -webkit-box;
  display: -webkit-flex;
  display: -ms-flexbox;
  display: flex;
  padding-top: 8px;
  padding-bottom: 8px;
  -webkit-box-pack: center;
  -webkit-justify-content: center;
  -ms-flex-pack: center;
  justify-content: center;
  width: 100%;
}

.c2 {
  margin: 0;
  padding: 0;
  border: 0;
  box-sizing: border-box;
  font-size: 100%;
  font: inherit;
  vertical-align: baseline;
  display: -webkit-box;
  display: -webkit-flex;
  display: -ms-flexbox;
  display: flex;
  -webkit-flex-direction: column;
  -ms-flex-direction: column;
  flex-direction: column;
  -webkit-box-pack: center;
  -webkit-justify-content: center;
  -ms-flex-pack: center;
  justify-content: center;
  width: 100%;
}

.c4 {
  margin: 0;
  padding: 0;
  border: 0;
  box-sizing: border-box;
  font-size: 100%;
  font: inherit;
  vertical-align: baseline;
  display: -webkit-box;
  display: -webkit-flex;
  display: -ms-flexbox;
  display: flex;
  -webkit-flex-direction: column;
  -ms-flex-direction: column;
  flex-direction: column;
  -webkit-align-items: stretch;
  -webkit-box-align: stretch;
  -ms-flex-align: stretch;
  align-items: stretch;
  width: 100%;
}

.c5 {
  margin: 0;
  padding: 0;
  border: 0;
  box-sizing: border-box;
  font-size: 100%;
  font: inherit;
  vertical-align: baseline;
  background-color: #FFFFFF;
  padding-top: 24px;
  padding-bottom: 24px;
  padding-left: 16px;
  padding-right: 16px;
}

.c7 {
  margin: 0;
  padding: 0;
  border: 0;
  box-sizing: border-box;
  font-size: 100%;
  font: inherit;
  vertical-align: baseline;
  background-color: #e3e3e3;
  display: -webkit-box;
  display: -webkit-flex;
  display: -ms-flexbox;
  display: flex;
  -webkit-align-items: center;
  -webkit-box-align: center;
  -ms-flex-align: center;
  align-items: center;
  -webkit-box-pack: center;
  -webkit-justify-content: center;
  -ms-flex-pack: center;
  justify-content: center;
  position: relative;
  overflow: hidden;
}

.c6 {
  width: auto;
  min-width: 40px;
  height: 120px;
  border: 2px solid rgba(51,51,51,0.3);
}

.c3.c3.c3 > *:not(:last-child) {
  margin-bottom: 8px;
}

@media screen and (min-width:576px) {
  .c0 {
    padding-top: 8px;
  }
}

@media screen and (min-width:768px) {
  .c0 {
    padding-top: 8px;
  }
}

@media screen and (min-width:992px) {
  .c0 {
    padding-top: 48px;
  }
}

@media screen and (min-width:1200px) {
  .c0 {
    padding-top: 48px;
  }
}

@media screen and (min-width:576px) {
  .c0 {
    padding-bottom: 8px;
  }
}

@media screen and (min-width:768px) {
  .c0 {
    padding-bottom: 8px;
  }
}

@media screen and (min-width:992px) {
  .c0 {
    padding-bottom: 48px;
  }
}

@media screen and (min-width:1200px) {
  .c0 {
    padding-bottom: 48px;
  }
}

@media screen and (min-width:992px) {
  .c5 {
    padding-top: 32px;
  }
}

@media screen and (min-width:992px) {
  .c5 {
    padding-bottom: 32px;
  }
}

@media screen and (min-width:576px) {
  .c5 {
    padding-left: 32px;
  }
}

@media screen and (min-width:576px) {
  .c5 {
    padding-right: 32px;
  }
}

@media screen and (min-width:576px) {
  .c3.c3.c3 > *:not(:last-child) {
    margin-bottom: 8px;
  }
}

@media screen and (min-width:768px) {
  .c3.c3.c3 > *:not(:last-child) {
    margin-bottom: 8px;
  }
}

@media screen and (min-width:992px) {
  .c3.c3.c3 > *:not(:last-child) {
    margin-bottom: 32px;
  }
}

@media screen and (min-width:1200px) {
  .c3.c3.c3 > *:not(:last-child) {
    margin-bottom: 32px;
  }
}

@media (min-width:576px) {
  .c1 {
    max-width: 508px;
  }
}

@media (min-width:768px) {
  .c1 {
    max-width: 448px;
  }
}

@media (min-width:992px) {
  .c1 {
    max-width: 448px;
  }
}

@media (min-width:1200px) {
  .c1 {
    max-width: 538px;
  }
}

<div
  class="c0"
  data-id="card-stack-section"
  display="flex"
  width="full"
>
  <div
    class="c1 c2"
    display="flex"
    width="full"
  >
    <div
      class="c3 c4"
      data-id="stack"
      display="flex"
      width="full"
    >
      <div
        class="c5"
        data-id="card"
      >
        <div
          class="c6 c7"
          data-id="placeholder"
          display="flex"
          height="120"
          overflow="hidden"
          shape="rectangle"
          width="auto"
        >
          <svg
            style="width: 100%; height: 100%; position: absolute;"
            xmlns="http://www.w3.org/2000/svg"
          >
            <line
              style="stroke-width: 2px; stroke: rgba(51,51,51,.1);"
              x1="0"
              x2="100%"
              y1="0"
              y2="100%"
            />
            <line
              style="stroke-width: 2px; stroke: rgba(51,51,51,.1);"
              x1="100%"
              x2="0"
              y1="0"
              y2="100%"
            />
          </svg>
        </div>
      </div>
      <div
        class="c5"
        data-id="card"
      >
        <div
          class="c6 c7"
          data-id="placeholder"
          display="flex"
          height="120"
          overflow="hidden"
          shape="rectangle"
          width="auto"
        >
          <svg
            style="width: 100%; height: 100%; position: absolute;"
            xmlns="http://www.w3.org/2000/svg"
          >
            <line
              style="stroke-width: 2px; stroke: rgba(51,51,51,.1);"
              x1="0"
              x2="100%"
              y1="0"
              y2="100%"
            />
            <line
              style="stroke-width: 2px; stroke: rgba(51,51,51,.1);"
              x1="100%"
              x2="0"
              y1="0"
              y2="100%"
            />
          </svg>
        </div>
      </div>
    </div>
  </div>
</div>
`;
