// Jest Snapshot v1, https://goo.gl/fbAQLP

exports[`renders a fieldset with default data-id 1`] = `
<div>
  <fieldset
    class="MuiFormControl-root"
    data-id="formControl"
    id="myfc"
  >
    Some label
  </fieldset>
</div>
`;
