// Jest Snapshot v1, https://goo.gl/fbAQLP

exports[`It renders 1`] = `
<div
  class="MuiTableContainer-root"
>
  <table
    class="MuiTable-root"
    data-id="data-table"
  >
    <thead
      class="MuiTableHead-root TableHead-whiteBackground-5"
      data-id="table-head"
    >
      <th
        class="MuiTableCell-root MuiTableCell-head TableCell-withPadding-7 TableCell-withPadding-12 TableCell-withVerticalAlign-6 TableCell-withVerticalAlign-11 TableCell-withFontSize-9 TableCell-withFontSize-13 TableCell-withoutFirstLastPadding-8"
        data-id="table-cell"
        scope="col"
      >
        1
      </th>
      <th
        class="MuiTableCell-root MuiTableCell-head TableCell-withPadding-7 TableCell-withPadding-15 TableCell-withVerticalAlign-6 TableCell-withVerticalAlign-14 TableCell-withFontSize-9 TableCell-withFontSize-16 TableCell-withoutFirstLastPadding-8"
        data-id="table-cell"
        scope="col"
      >
        2
      </th>
      <th
        class="MuiTableCell-root MuiTableCell-head TableCell-withPadding-7 TableCell-withPadding-18 TableCell-withVerticalAlign-6 TableCell-withVerticalAlign-17 TableCell-withFontSize-9 TableCell-withFontSize-19 TableCell-withoutFirstLastPadding-8"
        data-id="table-cell"
        scope="col"
      >
        3
      </th>
    </thead>
    <tbody
      class="MuiTableBody-root"
      data-id="table-body"
    >
      <tr
        class="MuiTableRow-root"
        data-id="table-row"
      >
        <td
          class="MuiTableCell-root MuiTableCell-body TableCell-withPadding-7 TableCell-withPadding-23 TableCell-withVerticalAlign-6 TableCell-withVerticalAlign-22 TableCell-withFontSize-9 TableCell-withFontSize-24 TableCell-withoutFirstLastPadding-8"
          data-id="table-cell"
        >
          One
        </td>
        <td
          class="MuiTableCell-root MuiTableCell-body TableCell-withPadding-7 TableCell-withPadding-26 TableCell-withVerticalAlign-6 TableCell-withVerticalAlign-25 TableCell-withFontSize-9 TableCell-withFontSize-27 TableCell-withoutFirstLastPadding-8"
          data-id="table-cell"
        >
          Two
        </td>
        <td
          class="MuiTableCell-root MuiTableCell-body TableCell-withPadding-7 TableCell-withPadding-29 TableCell-withVerticalAlign-6 TableCell-withVerticalAlign-28 TableCell-withFontSize-9 TableCell-withFontSize-30 TableCell-withoutFirstLastPadding-8"
          data-id="table-cell"
        >
          Three
        </td>
      </tr>
      <tr
        class="MuiTableRow-root"
        data-id="table-row"
      >
        <td
          class="MuiTableCell-root MuiTableCell-body TableCell-withPadding-7 TableCell-withPadding-32 TableCell-withVerticalAlign-6 TableCell-withVerticalAlign-31 TableCell-withFontSize-9 TableCell-withFontSize-33 TableCell-withoutFirstLastPadding-8"
          data-id="table-cell"
        >
          Uno
        </td>
        <td
          class="MuiTableCell-root MuiTableCell-body TableCell-withPadding-7 TableCell-withPadding-35 TableCell-withVerticalAlign-6 TableCell-withVerticalAlign-34 TableCell-withFontSize-9 TableCell-withFontSize-36 TableCell-withoutFirstLastPadding-8"
          data-id="table-cell"
        >
          Dos
        </td>
        <td
          class="MuiTableCell-root MuiTableCell-body TableCell-withPadding-7 TableCell-withPadding-38 TableCell-withVerticalAlign-6 TableCell-withVerticalAlign-37 TableCell-withFontSize-9 TableCell-withFontSize-39 TableCell-withoutFirstLastPadding-8"
          data-id="table-cell"
        >
          Tres
        </td>
      </tr>
    </tbody>
  </table>
</div>
`;
