// Jest Snapshot v1, https://goo.gl/fbAQLP

exports[`<IconButton /> should render 1`] = `
<button
  class="MuiButtonBase-root MuiIconButton-root makeStyles-root-1"
  data-id="icon-button"
  tabindex="0"
  type="button"
>
  <span
    class="MuiIconButton-label"
  >
    <svg
      aria-hidden="true"
      class="MuiSvgIcon-root svg-icon-primary-small-svg-icon-3"
      data-id="IconAccountBalance"
      focusable="false"
      viewBox="0 0 24 24"
    >
      <path
        d="M4 10h3v7H4zM10.5 10h3v7h-3zM2 19h20v3H2zM17 10h3v7h-3zM12 1L2 6v2h20V6z"
      />
    </svg>
  </span>
  <span
    class="MuiTouchRipple-root"
  />
</button>
`;
